// Jest Snapshot v1, https://goo.gl/fbAQLP

exports[`Content renders correctly 1`] = `
<div
  className="content"
>
  <h1
    className="content__title"
  >
    test
  </h1>
  <div
    className="meta"
  >
    <span
      className="meta__date"
    >
      Published 
      10 Jul 2019
    </span>
    <span
      className="meta__dot"
    >
       · 
    </span>
    <span
      className="readTime"
    >
      <img
        alt="5min coffee icon"
        className="readTime__icon"
        src="file"
      />
      <img
        alt="5min coffee icon"
        className="readTime__icon"
        src="file"
      />
      <span
        className="readTime__text"
      >
        5 minutes
      </span>
    </span>
  </div>
  <div
    className="content__body"
  >
    <div />
  </div>
</div>
`;
