// Jest Snapshot v1, https://goo.gl/fbAQLP

exports[`ReadTime renders correctly 1`] = `0`;

exports[`ReadTime renders correctly 2`] = `0`;

exports[`ReadTime renders correctly 3`] = `0`;

exports[`ReadTime renders correctly 4`] = `1`;

exports[`ReadTime renders correctly 5`] = `1`;

exports[`ReadTime renders correctly 6`] = `1`;

exports[`ReadTime renders correctly 7`] = `1`;

exports[`ReadTime renders correctly 8`] = `1`;

exports[`ReadTime renders correctly 9`] = `2`;

exports[`ReadTime renders correctly 10`] = `2`;

exports[`ReadTime renders correctly 11`] = `2`;

exports[`ReadTime renders correctly 12`] = `2`;

exports[`ReadTime renders correctly 13`] = `2`;

exports[`ReadTime renders correctly 14`] = `3`;

exports[`ReadTime renders correctly 15`] = `3`;

exports[`ReadTime renders correctly 16`] = `3`;

exports[`ReadTime renders correctly 17`] = `3`;

exports[`ReadTime renders correctly 18`] = `3`;

exports[`ReadTime renders correctly 19`] = `0`;

exports[`ReadTime renders correctly 20`] = `0`;

exports[`ReadTime renders correctly 21`] = `0`;

exports[`ReadTime renders correctly 22`] = `0`;

exports[`ReadTime renders correctly 23`] = `0`;

exports[`ReadTime renders correctly 24`] = `1`;

exports[`ReadTime renders correctly 25`] = `1`;

exports[`ReadTime renders correctly 26`] = `1`;

exports[`ReadTime renders correctly 27`] = `1`;

exports[`ReadTime renders correctly 28`] = `1`;

exports[`ReadTime renders correctly 29`] = `2`;

exports[`ReadTime renders correctly 30`] = `2`;

exports[`ReadTime renders correctly 31`] = `2`;

exports[`ReadTime renders correctly 32`] = `2`;

exports[`ReadTime renders correctly 33`] = `2`;

exports[`ReadTime renders correctly 34`] = `3`;

exports[`ReadTime renders correctly 35`] = `3`;

exports[`ReadTime renders correctly 36`] = `3`;

exports[`ReadTime renders correctly 37`] = `3`;

exports[`ReadTime renders correctly 38`] = `3`;

exports[`ReadTime renders correctly 39`] = `0`;

exports[`ReadTime renders correctly 40`] = `0`;

exports[`ReadTime renders correctly 41`] = `0`;

exports[`ReadTime renders correctly 42`] = `0`;

exports[`ReadTime renders correctly 43`] = `0`;

exports[`ReadTime renders correctly 44`] = `1`;

exports[`ReadTime renders correctly 45`] = `1`;

exports[`ReadTime renders correctly 46`] = `1`;

exports[`ReadTime renders correctly 47`] = `1`;

exports[`ReadTime renders correctly 48`] = `1`;

exports[`ReadTime renders correctly 49`] = `2`;

exports[`ReadTime renders correctly 50`] = `2`;

exports[`ReadTime renders correctly 51`] = `2`;

exports[`ReadTime renders correctly 52`] = `2`;

exports[`ReadTime renders correctly 53`] = `2`;

exports[`ReadTime renders correctly 54`] = `3`;

exports[`ReadTime renders correctly 55`] = `3`;

exports[`ReadTime renders correctly 56`] = `3`;

exports[`ReadTime renders correctly 57`] = `3`;

exports[`ReadTime renders correctly 58`] = `3`;

exports[`ReadTime renders correctly 59`] = `0`;

exports[`ReadTime renders correctly 60`] = `0`;

exports[`ReadTime renders correctly 61`] = `0`;
