// Jest Snapshot v1, https://goo.gl/fbAQLP

exports[`Post renders correctly 1`] = `
<div
  className="post"
>
  <a
    className="post__home-button"
    href="/"
  >
    All Articles
  </a>
  <div
    className="post__content"
  >
    <div
      className="content"
    >
      <h1
        className="content__title"
      >
        test
      </h1>
      <div
        className="meta"
      >
        <span
          className="meta__date"
        >
          Published 
          1 Sep 2016
        </span>
      </div>
      <div
        className="content__body"
      >
        <div />
      </div>
      <div
        className="citation"
      >
        <h3>
          Citation
        </h3>
        <blockquote
          className="citation__text"
        >
          Test name, (Sep 2016). "test". 
          <a
            href="http://localhost/2020/02/understanding-region-of-interest-ro-i-pooling"
          >
            http://localhost/2020/02/understanding-region-of-interest-ro-i-pooling
          </a>
        </blockquote>
        <b>
          or
        </b>
        <pre
          className="citation__code"
          data-language="javascript"
        >
          <code>
            @article{erdem2016understandingRegionOfInterestRoIPooling,
    title   = "test",
    author  = "Test name",
    journal = "http://localhost",
    year    = "2016",
    month   = "Sep",
    url     = "http://localhost/2020/02/understanding-region-of-interest-ro-i-pooling"
}

          </code>
        </pre>
      </div>
    </div>
  </div>
  <div
    className="post__footer"
  >
    <div
      className="meta"
    >
      <span
        className="meta__date"
      >
        Published 
        1 Sep 2016
      </span>
    </div>
    <div
      className="tags"
    >
      <ul
        className="tags__list"
      >
        <li
          className="tags__list-item"
        >
          <a
            className="tags__list-item-link"
            href="/test_0"
          >
            test_0
          </a>
        </li>
        <li
          className="tags__list-item"
        >
          <a
            className="tags__list-item-link"
            href="/test_1"
          >
            test_1
          </a>
        </li>
      </ul>
    </div>
    <div
      className="author"
    >
      <p
        className="author__bio"
      >
        Test bio
        <a
          className="author__bio-twitter"
          href="https://www.twitter.com/#"
          rel="noopener noreferrer"
          target="_blank"
        >
          <strong>
            Test name
          </strong>
           on Twitter
        </a>
      </p>
    </div>
  </div>
  <div
    className="post__comments"
  />
</div>
`;
