// Jest Snapshot v1, https://goo.gl/fbAQLP

exports[`Post renders correctly 1`] = `
<div
  className="post"
>
  <a
    className="post__home-button"
    href="/"
  >
    All Articles
  </a>
  <div
    className="post__content"
  >
    <div
      className="content"
    >
      <h1
        className="content__title"
      />
      <div
        className="meta"
      >
        <span
          className="meta__date"
        >
          Published 
          6 Jul 2019
        </span>
      </div>
      <div
        className="content__body"
        dangerouslySetInnerHTML={
          Object {
            "__html": undefined,
          }
        }
      />
    </div>
  </div>
  <div
    className="post__footer"
  >
    <div
      className="meta"
    >
      <span
        className="meta__date"
      >
        Published 
        6 Jul 2019
      </span>
    </div>
    <div
      className="author"
    >
      <p
        className="author__bio"
      >
        Test bio
        <a
          className="author__bio-twitter"
          href="https://www.twitter.com/#"
          rel="noopener noreferrer"
          target="_blank"
        >
          <strong>
            Test name
          </strong>
           on Twitter
        </a>
      </p>
    </div>
  </div>
  <div
    className="post__comments"
  />
</div>
`;
